2026-09-20 20:58:46,493 INFO o.a.j.u.JMeterUtils: Setting Locale to en_EN
2026-09-20 20:58:46,503 INFO o.a.j.JMeter: Loading user properties from: /opt/jmeter/bin/user.properties
2026-09-20 20:58:46,503 INFO o.a.j.JMeter: Loading system properties from: /opt/jmeter/bin/system.properties
2026-09-20 20:58:46,507 INFO o.a.j.JMeter: Copyright (c) 1998-2024 The Apache Software Foundation
2026-09-20 20:58:46,507 INFO o.a.j.JMeter: Version 5.6.3
2026-09-20 20:58:46,508 INFO o.a.j.JMeter: java.version=26.0.2.1
2026-09-20 20:58:46,508 INFO o.a.j.JMeter: java.vm.name=OpenJDK 64-Bit Server VM
2026-09-20 20:58:46,508 INFO o.a.j.JMeter: os.name=Linux
2026-09-20 20:58:46,508 INFO o.a.j.JMeter: os.arch=amd64
2026-09-20 20:58:46,508 INFO o.a.j.JMeter: os.version=7.2.6-arch2-1
2026-09-20 20:58:46,508 INFO o.a.j.JMeter: file.encoding=UTF-8
2026-09-20 20:58:46,508 INFO o.a.j.JMeter: java.awt.headless=true
2026-09-20 20:58:46,508 INFO o.a.j.JMeter: Max memory     =1073741824
2026-09-20 20:58:46,508 INFO o.a.j.JMeter: Available Processors =12
2026-09-20 20:58:46,517 INFO o.a.j.JMeter: Default Locale=English (EN)
2026-09-20 20:58:46,518 INFO o.a.j.JMeter: JMeter  Locale=English (EN)
2026-09-20 20:58:46,518 INFO o.a.j.JMeter: JMeterHome=/opt/jmeter
2026-09-20 20:58:46,518 INFO o.a.j.JMeter: user.dir  =/home/laika/Documents/IS II/TP1/Ejercicio5/videojuegos
2026-09-20 20:58:46,518 INFO o.a.j.JMeter: PWD       =/home/laika/Documents/IS II/TP1/Ejercicio5/videojuegos
2026-09-20 20:58:46,518 INFO o.a.j.JMeter: IP: 192.168.100.71 Name: laika FullName: laika
2026-09-20 20:58:46,527 INFO o.a.j.s.FileServer: Default base='/home/laika/Documents/IS II/TP1/Ejercicio5/videojuegos'
2026-09-20 20:58:46,528 INFO o.a.j.s.FileServer: Set new base='/home/laika/Documents/IS II/TP1/Ejercicio5/videojuegos'
2026-09-20 20:58:46,742 INFO o.a.j.s.SaveService: Testplan (JMX) version: 2.2. Testlog (JTL) version: 2.2
2026-09-20 20:58:46,759 INFO o.a.j.s.SaveService: Using SaveService properties version 5.0
2026-09-20 20:58:46,761 INFO o.a.j.s.SaveService: Using SaveService properties file encoding UTF-8
2026-09-20 20:58:46,764 INFO o.a.j.s.SaveService: Loading file: videojuegos_test_plan.jmx
2026-09-20 20:58:46,789 INFO o.a.j.p.h.c.CookieManager: Settings: Delete null: true Check: true Allow variable: true Save: false Prefix: COOKIE_
2026-09-20 20:58:46,805 INFO o.a.j.p.h.s.HTTPSamplerBase: Parser for text/html is org.apache.jmeter.protocol.http.parser.LagartoBasedHtmlParser
2026-09-20 20:58:46,805 INFO o.a.j.p.h.s.HTTPSamplerBase: Parser for application/xhtml+xml is org.apache.jmeter.protocol.http.parser.LagartoBasedHtmlParser
2026-09-20 20:58:46,805 INFO o.a.j.p.h.s.HTTPSamplerBase: Parser for application/xml is org.apache.jmeter.protocol.http.parser.LagartoBasedHtmlParser
2026-09-20 20:58:46,805 INFO o.a.j.p.h.s.HTTPSamplerBase: Parser for text/xml is org.apache.jmeter.protocol.http.parser.LagartoBasedHtmlParser
2026-09-20 20:58:46,806 INFO o.a.j.p.h.s.HTTPSamplerBase: Parser for text/vnd.wap.wml is org.apache.jmeter.protocol.http.parser.RegexpHTMLParser
2026-09-20 20:58:46,806 INFO o.a.j.p.h.s.HTTPSamplerBase: Parser for text/css is org.apache.jmeter.protocol.http.parser.CssParser
2026-09-20 20:58:47,022 INFO o.a.j.JMeter: Creating summariser <summary>
2026-09-20 20:58:47,033 INFO o.a.j.e.StandardJMeterEngine: Running the test!
2026-09-20 20:58:47,033 INFO o.a.j.s.SampleEvent: List of sample_variables: []
2026-09-20 20:58:47,033 INFO o.a.j.s.SampleEvent: List of sample_variables: []
2026-09-20 20:58:47,038 INFO o.a.j.e.u.CompoundVariable: Note: Function class names must contain the string: '.functions.'
2026-09-20 20:58:47,038 INFO o.a.j.e.u.CompoundVariable: Note: Function class names must not contain the string: '.gui.'
2026-09-20 20:58:47,134 INFO o.a.j.JMeter: Running test (1789948727133)
2026-09-20 20:58:47,153 INFO o.a.j.e.StandardJMeterEngine: Starting ThreadGroup: 1 : 1. Pruebas de Rendimiento (10 Usuarios)
2026-09-20 20:58:47,153 INFO o.a.j.e.StandardJMeterEngine: Starting 10 threads for group 1. Pruebas de Rendimiento (10 Usuarios).
2026-09-20 20:58:47,153 INFO o.a.j.e.StandardJMeterEngine: Thread will continue on error
2026-09-20 20:58:47,153 INFO o.a.j.t.ThreadGroup: Starting thread group... number=1 threads=10 ramp-up=5 delayedStart=false
2026-09-20 20:58:47,158 INFO o.a.j.t.JMeterThread: Thread started: 1. Pruebas de Rendimiento (10 Usuarios) 1-1
2026-09-20 20:58:47,163 INFO o.a.j.t.ThreadGroup: Started thread group number 1
2026-09-20 20:58:47,163 INFO o.a.j.e.StandardJMeterEngine: All thread groups have been started
2026-09-20 20:58:47,655 INFO o.a.j.t.JMeterThread: Thread started: 1. Pruebas de Rendimiento (10 Usuarios) 1-2
2026-09-20 20:58:48,041 INFO o.a.j.p.h.s.HTTPHCAbstractImpl: Local host = laika
2026-09-20 20:58:48,045 INFO o.a.j.p.h.s.HTTPHC4Impl: HTTP request retry count = 0
2026-09-20 20:58:48,046 INFO o.a.j.s.SampleResult: Note: Sample TimeStamps are START times
2026-09-20 20:58:48,046 INFO o.a.j.s.SampleResult: sampleresult.default.encoding is set to UTF-8
2026-09-20 20:58:48,046 INFO o.a.j.s.SampleResult: sampleresult.useNanoTime=true
2026-09-20 20:58:48,046 INFO o.a.j.s.SampleResult: sampleresult.nanoThreadSleep=5000
2026-09-20 20:58:48,155 INFO o.a.j.t.JMeterThread: Thread started: 1. Pruebas de Rendimiento (10 Usuarios) 1-3
2026-09-20 20:58:48,655 INFO o.a.j.t.JMeterThread: Thread started: 1. Pruebas de Rendimiento (10 Usuarios) 1-4
2026-09-20 20:58:49,155 INFO o.a.j.t.JMeterThread: Thread started: 1. Pruebas de Rendimiento (10 Usuarios) 1-5
2026-09-20 20:58:49,654 INFO o.a.j.t.JMeterThread: Thread started: 1. Pruebas de Rendimiento (10 Usuarios) 1-6
2026-09-20 20:58:50,154 INFO o.a.j.t.JMeterThread: Thread started: 1. Pruebas de Rendimiento (10 Usuarios) 1-7
2026-09-20 20:58:50,654 INFO o.a.j.t.JMeterThread: Thread started: 1. Pruebas de Rendimiento (10 Usuarios) 1-8
2026-09-20 20:58:51,154 INFO o.a.j.t.JMeterThread: Thread started: 1. Pruebas de Rendimiento (10 Usuarios) 1-9
2026-09-20 20:58:51,654 INFO o.a.j.t.JMeterThread: Thread started: 1. Pruebas de Rendimiento (10 Usuarios) 1-10
2026-09-20 20:58:53,019 INFO o.a.j.s.FileServer: Stored: test_image.png
2026-09-20 20:59:00,125 INFO o.a.j.r.Summariser: summary +    103 in 00:00:13 =    7.9/s Avg:    18 Min:     1 Max:   285 Err:     9 (8.74%) Active: 10 Started: 10 Finished: 0
2026-09-20 20:59:26,898 INFO o.a.j.t.JMeterThread: Thread is done: 1. Pruebas de Rendimiento (10 Usuarios) 1-2
2026-09-20 20:59:26,898 INFO o.a.j.t.JMeterThread: Thread finished: 1. Pruebas de Rendimiento (10 Usuarios) 1-2
2026-09-20 20:59:27,237 INFO o.a.j.t.JMeterThread: Thread is done: 1. Pruebas de Rendimiento (10 Usuarios) 1-3
2026-09-20 20:59:27,237 INFO o.a.j.t.JMeterThread: Thread finished: 1. Pruebas de Rendimiento (10 Usuarios) 1-3
2026-09-20 20:59:28,247 INFO o.a.j.t.JMeterThread: Thread is done: 1. Pruebas de Rendimiento (10 Usuarios) 1-1
2026-09-20 20:59:28,247 INFO o.a.j.t.JMeterThread: Thread finished: 1. Pruebas de Rendimiento (10 Usuarios) 1-1
2026-09-20 20:59:29,429 INFO o.a.j.t.JMeterThread: Thread is done: 1. Pruebas de Rendimiento (10 Usuarios) 1-6
2026-09-20 20:59:29,429 INFO o.a.j.t.JMeterThread: Thread finished: 1. Pruebas de Rendimiento (10 Usuarios) 1-6
2026-09-20 20:59:29,883 INFO o.a.j.t.JMeterThread: Thread is done: 1. Pruebas de Rendimiento (10 Usuarios) 1-10
2026-09-20 20:59:29,883 INFO o.a.j.t.JMeterThread: Thread finished: 1. Pruebas de Rendimiento (10 Usuarios) 1-10
2026-09-20 20:59:29,900 INFO o.a.j.t.JMeterThread: Thread is done: 1. Pruebas de Rendimiento (10 Usuarios) 1-4
2026-09-20 20:59:29,900 INFO o.a.j.t.JMeterThread: Thread finished: 1. Pruebas de Rendimiento (10 Usuarios) 1-4
2026-09-20 20:59:30,003 INFO o.a.j.r.Summariser: summary +    290 in 00:00:30 =    9.7/s Avg:     6 Min:     1 Max:    35 Err:    37 (12.76%) Active: 4 Started: 10 Finished: 6
2026-09-20 20:59:30,003 INFO o.a.j.r.Summariser: summary =    393 in 00:00:43 =    9.2/s Avg:     9 Min:     1 Max:   285 Err:    46 (11.70%)
2026-09-20 20:59:30,832 INFO o.a.j.t.JMeterThread: Thread is done: 1. Pruebas de Rendimiento (10 Usuarios) 1-7
2026-09-20 20:59:30,832 INFO o.a.j.t.JMeterThread: Thread finished: 1. Pruebas de Rendimiento (10 Usuarios) 1-7
2026-09-20 20:59:31,248 INFO o.a.j.t.JMeterThread: Thread is done: 1. Pruebas de Rendimiento (10 Usuarios) 1-8
2026-09-20 20:59:31,248 INFO o.a.j.t.JMeterThread: Thread finished: 1. Pruebas de Rendimiento (10 Usuarios) 1-8
2026-09-20 20:59:31,433 INFO o.a.j.t.JMeterThread: Thread is done: 1. Pruebas de Rendimiento (10 Usuarios) 1-5
2026-09-20 20:59:31,433 INFO o.a.j.t.JMeterThread: Thread finished: 1. Pruebas de Rendimiento (10 Usuarios) 1-5
2026-09-20 20:59:32,723 INFO o.a.j.t.JMeterThread: Thread is done: 1. Pruebas de Rendimiento (10 Usuarios) 1-9
2026-09-20 20:59:32,723 INFO o.a.j.t.JMeterThread: Thread finished: 1. Pruebas de Rendimiento (10 Usuarios) 1-9
2026-09-20 20:59:32,724 INFO o.a.j.e.StandardJMeterEngine: Notifying test listeners of end of test
2026-09-20 20:59:32,724 INFO o.a.j.r.Summariser: summary +      7 in 00:00:03 =    2.6/s Avg:     6 Min:     3 Max:    12 Err:     4 (57.14%) Active: 0 Started: 10 Finished: 10
2026-09-20 20:59:32,724 INFO o.a.j.r.Summariser: summary =    400 in 00:00:46 =    8.8/s Avg:     9 Min:     1 Max:   285 Err:    50 (12.50%)
